<root xmlns:text="urn:oasis:names:tc:opendocument:xmlns:text:1.0" xmlns:style="urn:oasis:names:tc:opendocument:xmlns:style:1.0" xmlns:fo="urn:oasis:names:tc:opendocument:xmlns:xsl-fo-compatible:1.0" xmlns:xlink="http://www.w3.org/1999/xlink">
	<text:p text:style-name="Text body">
		Paragraph before
	</text:p>
	<text:p>
		Some text
		 (Some more text)
	</text:p>
	<text:p text:style-name="Text body">
		Paragraph after
	</text:p>
	<text:p text:style-name="Text body">
		<text:span>
			<style:text-properties/>
			before
			<text:span>
				Some text
				 (Some more text)
			</text:span>
			after
		</text:span>
	</text:p>
</root>
