<root xmlns:text="urn:oasis:names:tc:opendocument:xmlns:text:1.0" xmlns:style="urn:oasis:names:tc:opendocument:xmlns:style:1.0" xmlns:fo="urn:oasis:names:tc:opendocument:xmlns:xsl-fo-compatible:1.0" xmlns:xlink="http://www.w3.org/1999/xlink" xmlns:table="urn:oasis:names:tc:opendocument:xmlns:table:1.0">
	<text:h text:style-name="Heading 1">
		<style:text-properties fo:font-size="14pt"/>
		Heading
		<text:s text:c="1"/>
		1
	</text:h>
	<text:p text:style-name="Body Text">
		Some
		<text:s text:c="1"/>
		text
	</text:p>
	<text:h text:style-name="Heading 1">
		<style:text-properties fo:font-size="14pt"/>
		Heading
		<text:s text:c="1"/>
		1
	</text:h>
</root>
