<office:document
                    xmlns:office="urn:oasis:names:tc:opendocument:xmlns:office:1.0"
                    xmlns:fo="urn:oasis:names:tc:opendocument:xmlns:xsl-fo-compatible:1.0"
                    xmlns:style="urn:oasis:names:tc:opendocument:xmlns:style:1.0"
                    xmlns:text="urn:oasis:names:tc:opendocument:xmlns:text:1.0">
    <office:automatic-styles>
        <this-tag-should-be-left/>
    <style:style
                    style:family="paragraph"
                    style:name="PAMC1"
                    style:parent-style-name="Heading_20_1">
      <style:text-properties
                    fo:font-size=""/>
    </style:style>
    <style:style
                    style:family="paragraph"
                    style:name="PAMC2"
                    style:parent-style-name="Body_20_Text"/>
    <style:style
                    style:family="paragraph"
                    style:name="PAMC3"
                    style:parent-style-name="Heading_20_1">
      <style:text-properties
                    fo:font-size=""/>
    </style:style>
  </office:automatic-styles>
    <office:body>
        <office:text
                    text:use-soft-page-breaks="true">
            <this-tag-should-be-left/>
            <text:h
                    text:style-name="PAMC1">
        Heading 1
    </text:h>
      <text:p
                    text:style-name="PAMC2">
        Some text
    </text:p>
      <text:h
                    text:style-name="PAMC3">
        Heading 1
    </text:h>
            <this-tag-should-be-left/>
        </office:text>
    </office:body>
</office:document>
